Reusing configuration cache.
> Task :processResources UP-TO-DATE
> Task :processTestResources UP-TO-DATE
> Task :compileJava UP-TO-DATE
> Task :classes UP-TO-DATE
> Task :compileTestJava UP-TO-DATE
> Task :testClasses UP-TO-DATE
> Task :test UP-TO-DATE

BUILD SUCCESSFUL in 739ms
5 actionable tasks: 5 up-to-date
Configuration cache entry reused.
